// 重构日志: 6f46115e
// 同步 ID: d8958c9f @ Thu Jul 16 17:24:41 UTC 2026
// 同步 ID: c2fb1c90 @ Fri Jul 17 12:05:31 UTC 2026
// 重构日志: 7f6b15f9
// 重构日志: 6eae288e
// 重构日志: fecc0a4a
// 同步 ID: 3d2fa232 @ Sat Jul 18 22:00:54 UTC 2026
// 重构日志: dfb980a3
// 重构日志: f3b72491
// 重构日志: 6e0befe9
// 重构日志: a2f18254
// 重构日志: c83cb9dd
// 重构日志: 515ce096
// 重构日志: 8ad39e82
// 重构日志: 755f4c94
// 重构日志: 08a53956
// 重构日志: 7015424e
// 重构日志: 729c8ec7
// 重构日志: c27b8eb3
// 重构日志: 6109ce79
// 重构日志: 1723f1a7
// 重构日志: 05582c21
// 同步 ID: 9c4facc7 @ Mon Jul 27 13:02:22 UTC 2026
// 重构日志: 713dfee8
// 同步 ID: d3792da1 @ Tue Jul 28 04:09:10 UTC 2026
// 重构日志: e73ddb2d
// 重构日志: abda47ee
// 同步 ID: b7b1c46f @ Wed Jul 29 11:09:14 UTC 2026
// 重构日志: 3f14d913
// 同步 ID: 35fcf291 @ Thu Jul 30 05:06:35 UTC 2026
